kotlin version: 1.9.22
error message: org.jetbrains.kotlin.util.KotlinFrontEndException: Exception while analyzing expression in (23,16) in /home/linruihang0517/hermes/projects/ai-tutor-android/app/src/main/java/com/aitutor/app/data/repository/UserProfileRepository.kt

Attachments:
causeThrowable
java.io.FileNotFoundException: /home/linruihang0517/hermes/projects/ai-tutor-android/app/build/tmp/kotlin-classes/debug/com/aitutor/app/domain/model/User.class (No such file or directory)
	at java.base/java.io.FileInputStream.open0(Native Method)
	at java.base/java.io.FileInputStream.open(FileInputStream.java:216)
	at java.base/java.io.FileInputStream.<init>(FileInputStream.java:157)
	at org.jetbrains.kotlin.com.intellij.openapi.util.io.FileUtil.loadFileBytes(FileUtil.java:204)
	at org.jetbrains.kotlin.com.intellij.openapi.vfs.local.CoreLocalVirtualFile.contentsToByteArray(CoreLocalVirtualFile.java:98)
	at org.jetbrains.kotlin.cli.jvm.compiler.KotlinCliJavaFileManagerImpl.findClass(KotlinCliJavaFileManagerImpl.kt:127)
	at org.jetbrains.kotlin.resolve.jvm.KotlinJavaPsiFacade$CliFinder.findClass(KotlinJavaPsiFacade.java:535)
	at org.jetbrains.kotlin.resolve.jvm.KotlinJavaPsiFacade.findClass(KotlinJavaPsiFacade.java:187)
	at org.jetbrains.kotlin.load.java.JavaClassFinderImpl.findClass(JavaClassFinderImpl.kt:46)
	at org.jetbrains.kotlin.load.java.lazy.descriptors.LazyJavaPackageScope$classes$1.invoke(LazyJavaPackageScope.kt:81)
	at org.jetbrains.kotlin.load.java.lazy.descriptors.LazyJavaPackageScope$classes$1.invoke(LazyJavaPackageScope.kt:59)
	at org.jetbrains.kotlin.storage.LockBasedStorageManager$MapBasedMemoizedFunction.invoke(LockBasedStorageManager.java:578)
	at org.jetbrains.kotlin.load.java.lazy.descriptors.LazyJavaPackageScope.findClassifier(LazyJavaPackageScope.kt:146)
	at org.jetbrains.kotlin.load.java.lazy.descriptors.LazyJavaPackageScope.getContributedClassifier(LazyJavaPackageScope.kt:136)
	at org.jetbrains.kotlin.load.java.lazy.descriptors.JvmPackageScope.getContributedClassifier(JvmPackageScope.kt:55)
	at org.jetbrains.kotlin.resolve.scopes.ChainedMemberScope.getContributedClassifier(ChainedMemberScope.kt:35)
	at org.jetbrains.kotlin.resolve.scopes.AbstractScopeAdapter.getContributedClassifier(AbstractScopeAdapter.kt:44)
	at org.jetbrains.kotlin.descriptors.FindClassInModuleKt.findClassifierAcrossModuleDependencies(findClassInModule.kt:26)
	at org.jetbrains.kotlin.serialization.deserialization.TypeDeserializer.computeClassifierDescriptor(TypeDeserializer.kt:263)
	at org.jetbrains.kotlin.serialization.deserialization.TypeDeserializer.access$computeClassifierDescriptor(TypeDeserializer.kt:28)
	at org.jetbrains.kotlin.serialization.deserialization.TypeDeserializer$classifierDescriptors$1.invoke(TypeDeserializer.kt:37)
	at org.jetbrains.kotlin.serialization.deserialization.TypeDeserializer$classifierDescriptors$1.invoke(TypeDeserializer.kt:36)
	at org.jetbrains.kotlin.storage.LockBasedStorageManager$MapBasedMemoizedFunction.invoke(LockBasedStorageManager.java:578)
	at org.jetbrains.kotlin.serialization.deserialization.TypeDeserializer.typeConstructor(TypeDeserializer.kt:156)
	at org.jetbrains.kotlin.serialization.deserialization.TypeDeserializer.simpleType(TypeDeserializer.kt:91)
	at org.jetbrains.kotlin.serialization.deserialization.TypeDeserializer.type(TypeDeserializer.kt:68)
	at org.jetbrains.kotlin.serialization.deserialization.TypeDeserializer.typeArgument(TypeDeserializer.kt:295)
	at org.jetbrains.kotlin.serialization.deserialization.TypeDeserializer.simpleType(TypeDeserializer.kt:106)
	at org.jetbrains.kotlin.serialization.deserialization.TypeDeserializer.type(TypeDeserializer.kt:68)
	at org.jetbrains.kotlin.serialization.deserialization.MemberDeserializer.loadFunction(MemberDeserializer.kt:218)
	at org.jetbrains.kotlin.serialization.deserialization.descriptors.DeserializedMemberScope$OptimizedImplementation.computeFunctions(DeserializedMemberScope.kt:276)
	at org.jetbrains.kotlin.serialization.deserialization.descriptors.DeserializedMemberScope$OptimizedImplementation.access$computeFunctions(DeserializedMemberScope.kt:228)
	at org.jetbrains.kotlin.serialization.deserialization.descriptors.DeserializedMemberScope$OptimizedImplementation$functions$1.invoke(DeserializedMemberScope.kt:251)
	at org.jetbrains.kotlin.serialization.deserialization.descriptors.DeserializedMemberScope$OptimizedImplementation$functions$1.invoke(DeserializedMemberScope.kt:251)
	at org.jetbrains.kotlin.storage.LockBasedStorageManager$MapBasedMemoizedFunction.invoke(LockBasedStorageManager.java:578)
	at org.jetbrains.kotlin.storage.LockBasedStorageManager$MapBasedMemoizedFunctionToNotNull.invoke(LockBasedStorageManager.java:681)
	at org.jetbrains.kotlin.serialization.deserialization.descriptors.DeserializedMemberScope$OptimizedImplementation.getContributedFunctions(DeserializedMemberScope.kt:329)
	at org.jetbrains.kotlin.serialization.deserialization.descriptors.DeserializedMemberScope.getContributedFunctions(DeserializedMemberScope.kt:82)
	at org.jetbrains.kotlin.serialization.deserialization.descriptors.DeserializedClassDescriptor$DeserializedClassMemberScope.getContributedFunctions(DeserializedClassDescriptor.kt:291)
	at org.jetbrains.kotlin.resolve.calls.tower.TowerLevelsKt.getContributedFunctionsAndIntercept(TowerLevels.kt:510)
	at org.jetbrains.kotlin.resolve.calls.tower.TowerLevelsKt.access$getContributedFunctionsAndIntercept(TowerLevels.kt:1)
	at org.jetbrains.kotlin.resolve.calls.tower.MemberScopeTowerLevel$getFunctions$1.invoke(TowerLevels.kt:194)
	at org.jetbrains.kotlin.resolve.calls.tower.MemberScopeTowerLevel$getFunctions$1.invoke(TowerLevels.kt:193)
	at org.jetbrains.kotlin.resolve.calls.tower.MemberScopeTowerLevel.collectMembers(TowerLevels.kt:106)
	at org.jetbrains.kotlin.resolve.calls.tower.MemberScopeTowerLevel.getFunctions(TowerLevels.kt:193)
	at org.jetbrains.kotlin.resolve.calls.tower.ScopeTowerProcessorsKt$createSimpleFunctionProcessor$1.invoke(ScopeTowerProcessors.kt:304)
	at org.jetbrains.kotlin.resolve.calls.tower.ScopeTowerProcessorsKt$createSimpleFunctionProcessor$1.invoke(ScopeTowerProcessors.kt:304)
	at org.jetbrains.kotlin.resolve.calls.tower.ExplicitReceiverScopeTowerProcessor.simpleProcess(ScopeTowerProcessors.kt:148)
	at org.jetbrains.kotlin.resolve.calls.tower.SimpleScopeTowerProcessor.process(ScopeTowerProcessors.kt:109)
	at org.jetbrains.kotlin.resolve.calls.tower.PrioritizedCompositeScopeTowerProcessor.process(ScopeTowerProcessors.kt:41)
	at org.jetbrains.kotlin.resolve.calls.tower.TowerResolver.processTowerData(TowerResolver.kt:383)
	at org.jetbrains.kotlin.resolve.calls.tower.TowerResolver.access$processTowerData(TowerResolver.kt:95)
	at org.jetbrains.kotlin.resolve.calls.tower.TowerResolver$Task.process(TowerResolver.kt:207)
	at org.jetbrains.kotlin.resolve.calls.tower.TowerResolver$Task.run(TowerResolver.kt:226)
	at org.jetbrains.kotlin.resolve.calls.tower.TowerResolver.run(TowerResolver.kt:114)
	at org.jetbrains.kotlin.resolve.calls.tower.TowerResolver.runResolve(TowerResolver.kt:101)
	at org.jetbrains.kotlin.resolve.calls.KotlinCallResolver.resolveCall(KotlinCallResolver.kt:184)
	at org.jetbrains.kotlin.resolve.calls.KotlinCallResolver.resolveAndCompleteCall(KotlinCallResolver.kt:41)
	at org.jetbrains.kotlin.resolve.calls.tower.PSICallResolver.runResolutionAndInference(PSICallResolver.kt:114)
	at org.jetbrains.kotlin.resolve.calls.CallResolver.doResolveCallOrGetCachedResults(CallResolver.java:602)
	at org.jetbrains.kotlin.resolve.calls.CallResolver.lambda$computeTasksAndResolveCall$0(CallResolver.java:213)
	at org.jetbrains.kotlin.util.PerformanceCounter.time(PerformanceCounter.kt:90)
	at org.jetbrains.kotlin.resolve.calls.CallResolver.computeTasksAndResolveCall(CallResolver.java:211)
	at org.jetbrains.kotlin.resolve.calls.CallResolver.computeTasksAndResolveCall(CallResolver.java:199)
	at org.jetbrains.kotlin.resolve.calls.CallResolver.resolveFunctionCall(CallResolver.java:329)
	at org.jetbrains.kotlin.resolve.calls.CallExpressionResolver.getResolvedCallForFunction(CallExpressionResolver.kt:86)
	at org.jetbrains.kotlin.resolve.calls.CallExpressionResolver.getCallExpressionTypeInfoWithoutFinalTypeCheck(CallExpressionResolver.kt:208)
	at org.jetbrains.kotlin.resolve.calls.CallExpressionResolver.getUnsafeSelectorTypeInfo(CallExpressionResolver.kt:332)
	at org.jetbrains.kotlin.resolve.calls.CallExpressionResolver.getSafeOrUnsafeSelectorTypeInfo(CallExpressionResolver.kt:382)
	at org.jetbrains.kotlin.resolve.calls.CallExpressionResolver.getQualifiedExpressionTypeInfo(CallExpressionResolver.kt:480)
	at org.jetbrains.kotlin.types.expressions.BasicExpressionTypingVisitor.visitQualifiedExpression(BasicExpressionTypingVisitor.java:725)
	at org.jetbrains.kotlin.types.expressions.ExpressionTypingVisitorDispatcher.visitQualifiedExpression(ExpressionTypingVisitorDispatcher.java:391)
	at org.jetbrains.kotlin.types.expressions.ExpressionTypingVisitorDispatcher$ForBlock.visitQualifiedExpression(ExpressionTypingVisitorDispatcher.java:60)
	at org.jetbrains.kotlin.psi.KtVisitor.visitSafeQualifiedExpression(KtVisitor.java:310)
	at org.jetbrains.kotlin.psi.KtSafeQualifiedExpression.accept(KtSafeQualifiedExpression.kt:23)
	at org.jetbrains.kotlin.types.expressions.ExpressionTypingVisitorDispatcher.lambda$getTypeInfo$0(ExpressionTypingVisitorDispatcher.java:176)
	at org.jetbrains.kotlin.util.PerformanceCounter.time(PerformanceCounter.kt:90)
	at org.jetbrains.kotlin.types.expressions.ExpressionTypingVisitorDispatcher.getTypeInfo(ExpressionTypingVisitorDispatcher.java:165)
	at org.jetbrains.kotlin.types.expressions.ExpressionTypingVisitorDispatcher.getTypeInfo(ExpressionTypingVisitorDispatcher.java:135)
	at org.jetbrains.kotlin.types.expressions.ControlStructureTypingVisitor.visitReturnExpression(ControlStructureTypingVisitor.java:914)
	at org.jetbrains.kotlin.types.expressions.ExpressionTypingVisitorDispatcher.visitReturnExpression(ExpressionTypingVisitorDispatcher.java:287)
	at org.jetbrains.kotlin.types.expressions.ExpressionTypingVisitorDispatcher$ForBlock.visitReturnExpression(ExpressionTypingVisitorDispatcher.java:60)
	at org.jetbrains.kotlin.psi.KtReturnExpression.accept(KtReturnExpression.java:33)
	at org.jetbrains.kotlin.types.expressions.ExpressionTypingVisitorDispatcher.lambda$getTypeInfo$0(ExpressionTypingVisitorDispatcher.java:176)
	at org.jetbrains.kotlin.util.PerformanceCounter.time(PerformanceCounter.kt:90)
	at org.jetbrains.kotlin.types.expressions.ExpressionTypingVisitorDispatcher.getTypeInfo(ExpressionTypingVisitorDispatcher.java:165)
	at org.jetbrains.kotlin.types.expressions.ExpressionTypingVisitorDispatcher.getTypeInfo(ExpressionTypingVisitorDispatcher.java:135)
	at org.jetbrains.kotlin.types.expressions.ExpressionTypingVisitorForStatements.visitExpression(ExpressionTypingVisitorForStatements.java:543)
	at org.jetbrains.kotlin.types.expressions.ExpressionTypingVisitorForStatements.visitExpression(ExpressionTypingVisitorForStatements.java:73)
	at org.jetbrains.kotlin.psi.KtVisitor.visitExpressionWithLabel(KtVisitor.java:230)
	at org.jetbrains.kotlin.psi.KtVisitor.visitReturnExpression(KtVisitor.java:226)
	at org.jetbrains.kotlin.psi.KtReturnExpression.accept(KtReturnExpression.java:33)
	at org.jetbrains.kotlin.types.expressions.ExpressionTypingVisitorDispatcher.lambda$getTypeInfo$0(ExpressionTypingVisitorDispatcher.java:176)
	at org.jetbrains.kotlin.util.PerformanceCounter.time(PerformanceCounter.kt:90)
	at org.jetbrains.kotlin.types.expressions.ExpressionTypingVisitorDispatcher.getTypeInfo(ExpressionTypingVisitorDispatcher.java:165)
	at org.jetbrains.kotlin.types.expressions.ExpressionTypingVisitorDispatcher.getTypeInfo(ExpressionTypingVisitorDispatcher.java:148)
	at org.jetbrains.kotlin.types.expressions.ExpressionTypingServices.getTypeOfLastExpressionInBlock(ExpressionTypingServices.java:451)
	at org.jetbrains.kotlin.types.expressions.ExpressionTypingServices.getBlockReturnedTypeWithWritableScope(ExpressionTypingServices.java:328)
	at org.jetbrains.kotlin.types.expressions.ExpressionTypingServices.getBlockReturnedType(ExpressionTypingServices.java:207)
	at org.jetbrains.kotlin.types.expressions.ExpressionTypingServices.getBlockReturnedType(ExpressionTypingServices.java:184)
	at org.jetbrains.kotlin.types.expressions.ExpressionTypingVisitorForStatements.visitBlockExpression(ExpressionTypingVisitorForStatements.java:586)
	at org.jetbrains.kotlin.types.expressions.ExpressionTypingVisitorForStatements.visitBlockExpression(ExpressionTypingVisitorForStatements.java:73)
	at org.jetbrains.kotlin.psi.KtBlockExpression.accept(KtBlockExpression.java:79)
	at org.jetbrains.kotlin.types.expressions.ExpressionTypingVisitorDispatcher.lambda$getTypeInfo$0(ExpressionTypingVisitorDispatcher.java:176)
	at org.jetbrains.kotlin.util.PerformanceCounter.time(PerformanceCounter.kt:90)
	at org.jetbrains.kotlin.types.expressions.ExpressionTypingVisitorDispatcher.getTypeInfo(ExpressionTypingVisitorDispatcher.java:165)
	at org.jetbrains.kotlin.types.expressions.ExpressionTypingVisitorDispatcher.getTypeInfo(ExpressionTypingVisitorDispatcher.java:148)
	at org.jetbrains.kotlin.types.expressions.ExpressionTypingServices.checkFunctionReturnType(ExpressionTypingServices.java:179)
	at org.jetbrains.kotlin.types.expressions.ExpressionTypingServices.checkFunctionReturnType(ExpressionTypingServices.java:166)
	at org.jetbrains.kotlin.resolve.BodyResolver.resolveFunctionBody(BodyResolver.java:1054)
	at org.jetbrains.kotlin.resolve.BodyResolver.resolveFunctionBody(BodyResolver.java:997)
	at org.jetbrains.kotlin.resolve.BodyResolver.resolveFunctionBodies(BodyResolver.java:982)
	at org.jetbrains.kotlin.resolve.BodyResolver.resolveBehaviorDeclarationBodies(BodyResolver.java:129)
	at org.jetbrains.kotlin.resolve.BodyResolver.resolveBodies(BodyResolver.java:256)
	at org.jetbrains.kotlin.resolve.LazyTopDownAnalyzer.analyzeDeclarations(LazyTopDownAnalyzer.kt:227)
	at org.jetbrains.kotlin.resolve.LazyTopDownAnalyzer.analyzeDeclarations$default(LazyTopDownAnalyzer.kt:58)
	at org.jetbrains.kotlin.cli.jvm.compiler.TopDownAnalyzerFacadeForJVM.analyzeFilesWithJavaIntegration(TopDownAnalyzerFacadeForJVM.kt:119)
	at org.jetbrains.kotlin.cli.jvm.compiler.TopDownAnalyzerFacadeForJVM.analyzeFilesWithJavaIntegration$default(TopDownAnalyzerFacadeForJVM.kt:77)
	at org.jetbrains.kotlin.cli.jvm.compiler.KotlinToJVMBytecodeCompiler$analyze$1.invoke(KotlinToJVMBytecodeCompiler.kt:256)
	at org.jetbrains.kotlin.cli.jvm.compiler.KotlinToJVMBytecodeCompiler$analyze$1.invoke(KotlinToJVMBytecodeCompiler.kt:247)
	at org.jetbrains.kotlin.cli.common.messages.AnalyzerWithCompilerReport.analyzeAndReport(AnalyzerWithCompilerReport.kt:115)
	at org.jetbrains.kotlin.cli.jvm.compiler.KotlinToJVMBytecodeCompiler.analyze(KotlinToJVMBytecodeCompiler.kt:247)
	at org.jetbrains.kotlin.cli.jvm.compiler.KotlinToJVMBytecodeCompiler.compileModules$cli(KotlinToJVMBytecodeCompiler.kt:87)
	at org.jetbrains.kotlin.cli.jvm.compiler.KotlinToJVMBytecodeCompiler.compileModules$cli$default(KotlinToJVMBytecodeCompiler.kt:43)
	at org.jetbrains.kotlin.cli.jvm.K2JVMCompiler.doExecute(K2JVMCompiler.kt:165)
	at org.jetbrains.kotlin.cli.jvm.K2JVMCompiler.doExecute(K2JVMCompiler.kt:50)
	at org.jetbrains.kotlin.cli.common.CLICompiler.execImpl(CLICompiler.kt:104)
	at org.jetbrains.kotlin.cli.common.CLICompiler.execImpl(CLICompiler.kt:48)
	at org.jetbrains.kotlin.cli.common.CLITool.exec(CLITool.kt:101)
	at org.jetbrains.kotlin.incremental.IncrementalJvmCompilerRunner.runCompiler(IncrementalJvmCompilerRunner.kt:463)
	at org.jetbrains.kotlin.incremental.IncrementalJvmCompilerRunner.runCompiler(IncrementalJvmCompilerRunner.kt:62)
	at org.jetbrains.kotlin.incremental.IncrementalCompilerRunner.doCompile(IncrementalCompilerRunner.kt:477)
	at org.jetbrains.kotlin.incremental.IncrementalCompilerRunner.compileImpl(IncrementalCompilerRunner.kt:400)
	at org.jetbrains.kotlin.incremental.IncrementalCompilerRunner.tryCompileIncrementally$lambda$6$compile(IncrementalCompilerRunner.kt:231)
	at org.jetbrains.kotlin.incremental.IncrementalCompilerRunner.tryCompileIncrementally(IncrementalCompilerRunner.kt:247)
	at org.jetbrains.kotlin.incremental.IncrementalCompilerRunner.compile(IncrementalCompilerRunner.kt:116)
	at org.jetbrains.kotlin.daemon.CompileServiceImplBase.execIncrementalCompiler(CompileServiceImpl.kt:657)
	at org.jetbrains.kotlin.daemon.CompileServiceImplBase.access$execIncrementalCompiler(CompileServiceImpl.kt:105)
	at org.jetbrains.kotlin.daemon.CompileServiceImpl.compile(CompileServiceImpl.kt:1624)
	at jdk.internal.reflect.GeneratedMethodAccessor91.invoke(Unknown Source)
	at java.base/jdk.internal.reflect.DelegatingMethodAccessorImpl.invoke(DelegatingMethodAccessorImpl.java:43)
	at java.base/java.lang.reflect.Method.invoke(Method.java:569)
	at java.rmi/sun.rmi.server.UnicastServerRef.dispatch(UnicastServerRef.java:360)
	at java.rmi/sun.rmi.transport.Transport$1.run(Transport.java:200)
	at java.rmi/sun.rmi.transport.Transport$1.run(Transport.java:197)
	at java.base/java.security.AccessController.doPrivileged(AccessController.java:712)
	at java.rmi/sun.rmi.transport.Transport.serviceCall(Transport.java:196)
	at java.rmi/sun.rmi.transport.tcp.TCPTransport.handleMessages(TCPTransport.java:587)
	at java.rmi/sun.rmi.transport.tcp.TCPTransport$ConnectionHandler.run0(TCPTransport.java:828)
	at java.rmi/sun.rmi.transport.tcp.TCPTransport$ConnectionHandler.lambda$run$0(TCPTransport.java:705)
	at java.base/java.security.AccessController.doPrivileged(AccessController.java:399)
	at java.rmi/sun.rmi.transport.tcp.TCPTransport$ConnectionHandler.run(TCPTransport.java:704)
	at java.base/java.util.concurrent.ThreadPoolExecutor.runWorker(ThreadPoolExecutor.java:1136)
	at java.base/java.util.concurrent.ThreadPoolExecutor$Worker.run(ThreadPoolExecutor.java:635)
	at java.base/java.lang.Thread.run(Thread.java:840)

----
expression.kt
<File name: UserProfileRepository.kt, Physical: true>
/**
     * Get the current user's grade level.
     * Returns null if not set or unavailable.
     */
    suspend fun getUserGrade(): String? {
        return <ELEMENT>authRepository.getProfile().getOrNull()?.grade</ELEMENT>
    }
	at org.jetbrains.kotlin.types.expressions.ExpressionTypingVisitorDispatcher.logOrThrowException(ExpressionTypingVisitorDispatcher.java:261)
	at org.jetbrains.kotlin.types.expressions.ExpressionTypingVisitorDispatcher.lambda$getTypeInfo$0(ExpressionTypingVisitorDispatcher.java:225)
	at org.jetbrains.kotlin.util.PerformanceCounter.time(PerformanceCounter.kt:90)
	at org.jetbrains.kotlin.types.expressions.ExpressionTypingVisitorDispatcher.getTypeInfo(ExpressionTypingVisitorDispatcher.java:165)
	at org.jetbrains.kotlin.types.expressions.ExpressionTypingVisitorDispatcher.getTypeInfo(ExpressionTypingVisitorDispatcher.java:135)
	at org.jetbrains.kotlin.types.expressions.ControlStructureTypingVisitor.visitReturnExpression(ControlStructureTypingVisitor.java:914)
	at org.jetbrains.kotlin.types.expressions.ExpressionTypingVisitorDispatcher.visitReturnExpression(ExpressionTypingVisitorDispatcher.java:287)
	at org.jetbrains.kotlin.types.expressions.ExpressionTypingVisitorDispatcher$ForBlock.visitReturnExpression(ExpressionTypingVisitorDispatcher.java:60)
	at org.jetbrains.kotlin.psi.KtReturnExpression.accept(KtReturnExpression.java:33)
	at org.jetbrains.kotlin.types.expressions.ExpressionTypingVisitorDispatcher.lambda$getTypeInfo$0(ExpressionTypingVisitorDispatcher.java:176)
	at org.jetbrains.kotlin.util.PerformanceCounter.time(PerformanceCounter.kt:90)
	at org.jetbrains.kotlin.types.expressions.ExpressionTypingVisitorDispatcher.getTypeInfo(ExpressionTypingVisitorDispatcher.java:165)
	at org.jetbrains.kotlin.types.expressions.ExpressionTypingVisitorDispatcher.getTypeInfo(ExpressionTypingVisitorDispatcher.java:135)
	at org.jetbrains.kotlin.types.expressions.ExpressionTypingVisitorForStatements.visitExpression(ExpressionTypingVisitorForStatements.java:543)
	at org.jetbrains.kotlin.types.expressions.ExpressionTypingVisitorForStatements.visitExpression(ExpressionTypingVisitorForStatements.java:73)
	at org.jetbrains.kotlin.psi.KtVisitor.visitExpressionWithLabel(KtVisitor.java:230)
	at org.jetbrains.kotlin.psi.KtVisitor.visitReturnExpression(KtVisitor.java:226)
	at org.jetbrains.kotlin.psi.KtReturnExpression.accept(KtReturnExpression.java:33)
	at org.jetbrains.kotlin.types.expressions.ExpressionTypingVisitorDispatcher.lambda$getTypeInfo$0(ExpressionTypingVisitorDispatcher.java:176)
	at org.jetbrains.kotlin.util.PerformanceCounter.time(PerformanceCounter.kt:90)
	at org.jetbrains.kotlin.types.expressions.ExpressionTypingVisitorDispatcher.getTypeInfo(ExpressionTypingVisitorDispatcher.java:165)
	at org.jetbrains.kotlin.types.expressions.ExpressionTypingVisitorDispatcher.getTypeInfo(ExpressionTypingVisitorDispatcher.java:148)
	at org.jetbrains.kotlin.types.expressions.ExpressionTypingServices.getTypeOfLastExpressionInBlock(ExpressionTypingServices.java:451)
	at org.jetbrains.kotlin.types.expressions.ExpressionTypingServices.getBlockReturnedTypeWithWritableScope(ExpressionTypingServices.java:328)
	at org.jetbrains.kotlin.types.expressions.ExpressionTypingServices.getBlockReturnedType(ExpressionTypingServices.java:207)
	at org.jetbrains.kotlin.types.expressions.ExpressionTypingServices.getBlockReturnedType(ExpressionTypingServices.java:184)
	at org.jetbrains.kotlin.types.expressions.ExpressionTypingVisitorForStatements.visitBlockExpression(ExpressionTypingVisitorForStatements.java:586)
	at org.jetbrains.kotlin.types.expressions.ExpressionTypingVisitorForStatements.visitBlockExpression(ExpressionTypingVisitorForStatements.java:73)
	at org.jetbrains.kotlin.psi.KtBlockExpression.accept(KtBlockExpression.java:79)
	at org.jetbrains.kotlin.types.expressions.ExpressionTypingVisitorDispatcher.lambda$getTypeInfo$0(ExpressionTypingVisitorDispatcher.java:176)
	at org.jetbrains.kotlin.util.PerformanceCounter.time(PerformanceCounter.kt:90)
	at org.jetbrains.kotlin.types.expressions.ExpressionTypingVisitorDispatcher.getTypeInfo(ExpressionTypingVisitorDispatcher.java:165)
	at org.jetbrains.kotlin.types.expressions.ExpressionTypingVisitorDispatcher.getTypeInfo(ExpressionTypingVisitorDispatcher.java:148)
	at org.jetbrains.kotlin.types.expressions.ExpressionTypingServices.checkFunctionReturnType(ExpressionTypingServices.java:179)
	at org.jetbrains.kotlin.types.expressions.ExpressionTypingServices.checkFunctionReturnType(ExpressionTypingServices.java:166)
	at org.jetbrains.kotlin.resolve.BodyResolver.resolveFunctionBody(BodyResolver.java:1054)
	at org.jetbrains.kotlin.resolve.BodyResolver.resolveFunctionBody(BodyResolver.java:997)
	at org.jetbrains.kotlin.resolve.BodyResolver.resolveFunctionBodies(BodyResolver.java:982)
	at org.jetbrains.kotlin.resolve.BodyResolver.resolveBehaviorDeclarationBodies(BodyResolver.java:129)
	at org.jetbrains.kotlin.resolve.BodyResolver.resolveBodies(BodyResolver.java:256)
	at org.jetbrains.kotlin.resolve.LazyTopDownAnalyzer.analyzeDeclarations(LazyTopDownAnalyzer.kt:227)
	at org.jetbrains.kotlin.resolve.LazyTopDownAnalyzer.analyzeDeclarations$default(LazyTopDownAnalyzer.kt:58)
	at org.jetbrains.kotlin.cli.jvm.compiler.TopDownAnalyzerFacadeForJVM.analyzeFilesWithJavaIntegration(TopDownAnalyzerFacadeForJVM.kt:119)
	at org.jetbrains.kotlin.cli.jvm.compiler.TopDownAnalyzerFacadeForJVM.analyzeFilesWithJavaIntegration$default(TopDownAnalyzerFacadeForJVM.kt:77)
	at org.jetbrains.kotlin.cli.jvm.compiler.KotlinToJVMBytecodeCompiler$analyze$1.invoke(KotlinToJVMBytecodeCompiler.kt:256)
	at org.jetbrains.kotlin.cli.jvm.compiler.KotlinToJVMBytecodeCompiler$analyze$1.invoke(KotlinToJVMBytecodeCompiler.kt:247)
	at org.jetbrains.kotlin.cli.common.messages.AnalyzerWithCompilerReport.analyzeAndReport(AnalyzerWithCompilerReport.kt:115)
	at org.jetbrains.kotlin.cli.jvm.compiler.KotlinToJVMBytecodeCompiler.analyze(KotlinToJVMBytecodeCompiler.kt:247)
	at org.jetbrains.kotlin.cli.jvm.compiler.KotlinToJVMBytecodeCompiler.compileModules$cli(KotlinToJVMBytecodeCompiler.kt:87)
	at org.jetbrains.kotlin.cli.jvm.compiler.KotlinToJVMBytecodeCompiler.compileModules$cli$default(KotlinToJVMBytecodeCompiler.kt:43)
	at org.jetbrains.kotlin.cli.jvm.K2JVMCompiler.doExecute(K2JVMCompiler.kt:165)
	at org.jetbrains.kotlin.cli.jvm.K2JVMCompiler.doExecute(K2JVMCompiler.kt:50)
	at org.jetbrains.kotlin.cli.common.CLICompiler.execImpl(CLICompiler.kt:104)
	at org.jetbrains.kotlin.cli.common.CLICompiler.execImpl(CLICompiler.kt:48)
	at org.jetbrains.kotlin.cli.common.CLITool.exec(CLITool.kt:101)
	at org.jetbrains.kotlin.incremental.IncrementalJvmCompilerRunner.runCompiler(IncrementalJvmCompilerRunner.kt:463)
	at org.jetbrains.kotlin.incremental.IncrementalJvmCompilerRunner.runCompiler(IncrementalJvmCompilerRunner.kt:62)
	at org.jetbrains.kotlin.incremental.IncrementalCompilerRunner.doCompile(IncrementalCompilerRunner.kt:477)
	at org.jetbrains.kotlin.incremental.IncrementalCompilerRunner.compileImpl(IncrementalCompilerRunner.kt:400)
	at org.jetbrains.kotlin.incremental.IncrementalCompilerRunner.tryCompileIncrementally$lambda$6$compile(IncrementalCompilerRunner.kt:231)
	at org.jetbrains.kotlin.incremental.IncrementalCompilerRunner.tryCompileIncrementally(IncrementalCompilerRunner.kt:247)
	at org.jetbrains.kotlin.incremental.IncrementalCompilerRunner.compile(IncrementalCompilerRunner.kt:116)
	at org.jetbrains.kotlin.daemon.CompileServiceImplBase.execIncrementalCompiler(CompileServiceImpl.kt:657)
	at org.jetbrains.kotlin.daemon.CompileServiceImplBase.access$execIncrementalCompiler(CompileServiceImpl.kt:105)
	at org.jetbrains.kotlin.daemon.CompileServiceImpl.compile(CompileServiceImpl.kt:1624)
	at jdk.internal.reflect.GeneratedMethodAccessor91.invoke(Unknown Source)
	at java.base/jdk.internal.reflect.DelegatingMethodAccessorImpl.invoke(DelegatingMethodAccessorImpl.java:43)
	at java.base/java.lang.reflect.Method.invoke(Method.java:569)
	at java.rmi/sun.rmi.server.UnicastServerRef.dispatch(UnicastServerRef.java:360)
	at java.rmi/sun.rmi.transport.Transport$1.run(Transport.java:200)
	at java.rmi/sun.rmi.transport.Transport$1.run(Transport.java:197)
	at java.base/java.security.AccessController.doPrivileged(AccessController.java:712)
	at java.rmi/sun.rmi.transport.Transport.serviceCall(Transport.java:196)
	at java.rmi/sun.rmi.transport.tcp.TCPTransport.handleMessages(TCPTransport.java:587)
	at java.rmi/sun.rmi.transport.tcp.TCPTransport$ConnectionHandler.run0(TCPTransport.java:828)
	at java.rmi/sun.rmi.transport.tcp.TCPTransport$ConnectionHandler.lambda$run$0(TCPTransport.java:705)
	at java.base/java.security.AccessController.doPrivileged(AccessController.java:399)
	at java.rmi/sun.rmi.transport.tcp.TCPTransport$ConnectionHandler.run(TCPTransport.java:704)
	at java.base/java.util.concurrent.ThreadPoolExecutor.runWorker(ThreadPoolExecutor.java:1136)
	at java.base/java.util.concurrent.ThreadPoolExecutor$Worker.run(ThreadPoolExecutor.java:635)
	at java.base/java.lang.Thread.run(Thread.java:840)
Caused by: java.io.FileNotFoundException: /home/linruihang0517/hermes/projects/ai-tutor-android/app/build/tmp/kotlin-classes/debug/com/aitutor/app/domain/model/User.class (No such file or directory)
	at java.base/java.io.FileInputStream.open0(Native Method)
	at java.base/java.io.FileInputStream.open(FileInputStream.java:216)
	at java.base/java.io.FileInputStream.<init>(FileInputStream.java:157)
	at org.jetbrains.kotlin.com.intellij.openapi.util.io.FileUtil.loadFileBytes(FileUtil.java:204)
	at org.jetbrains.kotlin.com.intellij.openapi.vfs.local.CoreLocalVirtualFile.contentsToByteArray(CoreLocalVirtualFile.java:98)
	at org.jetbrains.kotlin.cli.jvm.compiler.KotlinCliJavaFileManagerImpl.findClass(KotlinCliJavaFileManagerImpl.kt:127)
	at org.jetbrains.kotlin.resolve.jvm.KotlinJavaPsiFacade$CliFinder.findClass(KotlinJavaPsiFacade.java:535)
	at org.jetbrains.kotlin.resolve.jvm.KotlinJavaPsiFacade.findClass(KotlinJavaPsiFacade.java:187)
	at org.jetbrains.kotlin.load.java.JavaClassFinderImpl.findClass(JavaClassFinderImpl.kt:46)
	at org.jetbrains.kotlin.load.java.lazy.descriptors.LazyJavaPackageScope$classes$1.invoke(LazyJavaPackageScope.kt:81)
	at org.jetbrains.kotlin.load.java.lazy.descriptors.LazyJavaPackageScope$classes$1.invoke(LazyJavaPackageScope.kt:59)
	at org.jetbrains.kotlin.storage.LockBasedStorageManager$MapBasedMemoizedFunction.invoke(LockBasedStorageManager.java:578)
	at org.jetbrains.kotlin.load.java.lazy.descriptors.LazyJavaPackageScope.findClassifier(LazyJavaPackageScope.kt:146)
	at org.jetbrains.kotlin.load.java.lazy.descriptors.LazyJavaPackageScope.getContributedClassifier(LazyJavaPackageScope.kt:136)
	at org.jetbrains.kotlin.load.java.lazy.descriptors.JvmPackageScope.getContributedClassifier(JvmPackageScope.kt:55)
	at org.jetbrains.kotlin.resolve.scopes.ChainedMemberScope.getContributedClassifier(ChainedMemberScope.kt:35)
	at org.jetbrains.kotlin.resolve.scopes.AbstractScopeAdapter.getContributedClassifier(AbstractScopeAdapter.kt:44)
	at org.jetbrains.kotlin.descriptors.FindClassInModuleKt.findClassifierAcrossModuleDependencies(findClassInModule.kt:26)
	at org.jetbrains.kotlin.serialization.deserialization.TypeDeserializer.computeClassifierDescriptor(TypeDeserializer.kt:263)
	at org.jetbrains.kotlin.serialization.deserialization.TypeDeserializer.access$computeClassifierDescriptor(TypeDeserializer.kt:28)
	at org.jetbrains.kotlin.serialization.deserialization.TypeDeserializer$classifierDescriptors$1.invoke(TypeDeserializer.kt:37)
	at org.jetbrains.kotlin.serialization.deserialization.TypeDeserializer$classifierDescriptors$1.invoke(TypeDeserializer.kt:36)
	at org.jetbrains.kotlin.storage.LockBasedStorageManager$MapBasedMemoizedFunction.invoke(LockBasedStorageManager.java:578)
	at org.jetbrains.kotlin.serialization.deserialization.TypeDeserializer.typeConstructor(TypeDeserializer.kt:156)
	at org.jetbrains.kotlin.serialization.deserialization.TypeDeserializer.simpleType(TypeDeserializer.kt:91)
	at org.jetbrains.kotlin.serialization.deserialization.TypeDeserializer.type(TypeDeserializer.kt:68)
	at org.jetbrains.kotlin.serialization.deserialization.TypeDeserializer.typeArgument(TypeDeserializer.kt:295)
	at org.jetbrains.kotlin.serialization.deserialization.TypeDeserializer.simpleType(TypeDeserializer.kt:106)
	at org.jetbrains.kotlin.serialization.deserialization.TypeDeserializer.type(TypeDeserializer.kt:68)
	at org.jetbrains.kotlin.serialization.deserialization.MemberDeserializer.loadFunction(MemberDeserializer.kt:218)
	at org.jetbrains.kotlin.serialization.deserialization.descriptors.DeserializedMemberScope$OptimizedImplementation.computeFunctions(DeserializedMemberScope.kt:276)
	at org.jetbrains.kotlin.serialization.deserialization.descriptors.DeserializedMemberScope$OptimizedImplementation.access$computeFunctions(DeserializedMemberScope.kt:228)
	at org.jetbrains.kotlin.serialization.deserialization.descriptors.DeserializedMemberScope$OptimizedImplementation$functions$1.invoke(DeserializedMemberScope.kt:251)
	at org.jetbrains.kotlin.serialization.deserialization.descriptors.DeserializedMemberScope$OptimizedImplementation$functions$1.invoke(DeserializedMemberScope.kt:251)
	at org.jetbrains.kotlin.storage.LockBasedStorageManager$MapBasedMemoizedFunction.invoke(LockBasedStorageManager.java:578)
	at org.jetbrains.kotlin.storage.LockBasedStorageManager$MapBasedMemoizedFunctionToNotNull.invoke(LockBasedStorageManager.java:681)
	at org.jetbrains.kotlin.serialization.deserialization.descriptors.DeserializedMemberScope$OptimizedImplementation.getContributedFunctions(DeserializedMemberScope.kt:329)
	at org.jetbrains.kotlin.serialization.deserialization.descriptors.DeserializedMemberScope.getContributedFunctions(DeserializedMemberScope.kt:82)
	at org.jetbrains.kotlin.serialization.deserialization.descriptors.DeserializedClassDescriptor$DeserializedClassMemberScope.getContributedFunctions(DeserializedClassDescriptor.kt:291)
	at org.jetbrains.kotlin.resolve.calls.tower.TowerLevelsKt.getContributedFunctionsAndIntercept(TowerLevels.kt:510)
	at org.jetbrains.kotlin.resolve.calls.tower.TowerLevelsKt.access$getContributedFunctionsAndIntercept(TowerLevels.kt:1)
	at org.jetbrains.kotlin.resolve.calls.tower.MemberScopeTowerLevel$getFunctions$1.invoke(TowerLevels.kt:194)
	at org.jetbrains.kotlin.resolve.calls.tower.MemberScopeTowerLevel$getFunctions$1.invoke(TowerLevels.kt:193)
	at org.jetbrains.kotlin.resolve.calls.tower.MemberScopeTowerLevel.collectMembers(TowerLevels.kt:106)
	at org.jetbrains.kotlin.resolve.calls.tower.MemberScopeTowerLevel.getFunctions(TowerLevels.kt:193)
	at org.jetbrains.kotlin.resolve.calls.tower.ScopeTowerProcessorsKt$createSimpleFunctionProcessor$1.invoke(ScopeTowerProcessors.kt:304)
	at org.jetbrains.kotlin.resolve.calls.tower.ScopeTowerProcessorsKt$createSimpleFunctionProcessor$1.invoke(ScopeTowerProcessors.kt:304)
	at org.jetbrains.kotlin.resolve.calls.tower.ExplicitReceiverScopeTowerProcessor.simpleProcess(ScopeTowerProcessors.kt:148)
	at org.jetbrains.kotlin.resolve.calls.tower.SimpleScopeTowerProcessor.process(ScopeTowerProcessors.kt:109)
	at org.jetbrains.kotlin.resolve.calls.tower.PrioritizedCompositeScopeTowerProcessor.process(ScopeTowerProcessors.kt:41)
	at org.jetbrains.kotlin.resolve.calls.tower.TowerResolver.processTowerData(TowerResolver.kt:383)
	at org.jetbrains.kotlin.resolve.calls.tower.TowerResolver.access$processTowerData(TowerResolver.kt:95)
	at org.jetbrains.kotlin.resolve.calls.tower.TowerResolver$Task.process(TowerResolver.kt:207)
	at org.jetbrains.kotlin.resolve.calls.tower.TowerResolver$Task.run(TowerResolver.kt:226)
	at org.jetbrains.kotlin.resolve.calls.tower.TowerResolver.run(TowerResolver.kt:114)
	at org.jetbrains.kotlin.resolve.calls.tower.TowerResolver.runResolve(TowerResolver.kt:101)
	at org.jetbrains.kotlin.resolve.calls.KotlinCallResolver.resolveCall(KotlinCallResolver.kt:184)
	at org.jetbrains.kotlin.resolve.calls.KotlinCallResolver.resolveAndCompleteCall(KotlinCallResolver.kt:41)
	at org.jetbrains.kotlin.resolve.calls.tower.PSICallResolver.runResolutionAndInference(PSICallResolver.kt:114)
	at org.jetbrains.kotlin.resolve.calls.CallResolver.doResolveCallOrGetCachedResults(CallResolver.java:602)
	at org.jetbrains.kotlin.resolve.calls.CallResolver.lambda$computeTasksAndResolveCall$0(CallResolver.java:213)
	at org.jetbrains.kotlin.util.PerformanceCounter.time(PerformanceCounter.kt:90)
	at org.jetbrains.kotlin.resolve.calls.CallResolver.computeTasksAndResolveCall(CallResolver.java:211)
	at org.jetbrains.kotlin.resolve.calls.CallResolver.computeTasksAndResolveCall(CallResolver.java:199)
	at org.jetbrains.kotlin.resolve.calls.CallResolver.resolveFunctionCall(CallResolver.java:329)
	at org.jetbrains.kotlin.resolve.calls.CallExpressionResolver.getResolvedCallForFunction(CallExpressionResolver.kt:86)
	at org.jetbrains.kotlin.resolve.calls.CallExpressionResolver.getCallExpressionTypeInfoWithoutFinalTypeCheck(CallExpressionResolver.kt:208)
	at org.jetbrains.kotlin.resolve.calls.CallExpressionResolver.getUnsafeSelectorTypeInfo(CallExpressionResolver.kt:332)
	at org.jetbrains.kotlin.resolve.calls.CallExpressionResolver.getSafeOrUnsafeSelectorTypeInfo(CallExpressionResolver.kt:382)
	at org.jetbrains.kotlin.resolve.calls.CallExpressionResolver.getQualifiedExpressionTypeInfo(CallExpressionResolver.kt:480)
	at org.jetbrains.kotlin.types.expressions.BasicExpressionTypingVisitor.visitQualifiedExpression(BasicExpressionTypingVisitor.java:725)
	at org.jetbrains.kotlin.types.expressions.ExpressionTypingVisitorDispatcher.visitQualifiedExpression(ExpressionTypingVisitorDispatcher.java:391)
	at org.jetbrains.kotlin.types.expressions.ExpressionTypingVisitorDispatcher$ForBlock.visitQualifiedExpression(ExpressionTypingVisitorDispatcher.java:60)
	at org.jetbrains.kotlin.psi.KtVisitor.visitSafeQualifiedExpression(KtVisitor.java:310)
	at org.jetbrains.kotlin.psi.KtSafeQualifiedExpression.accept(KtSafeQualifiedExpression.kt:23)
	at org.jetbrains.kotlin.types.expressions.ExpressionTypingVisitorDispatcher.lambda$getTypeInfo$0(ExpressionTypingVisitorDispatcher.java:176)
	... 79 more


